------------------------------------------------------------
Timing Analyzer Summary
------------------------------------------------------------

Type  : Slow 1100mV 85C Model Setup 'SPI:spi0|spi_clk'
Slack : -5.671
TNS   : -115.077

Type  : Slow 1100mV 85C Model Setup 'CLOCK_50_B5B'
Slack : -4.425
TNS   : -49.627

Type  : Slow 1100mV 85C Model Hold 'CLOCK_50_B5B'
Slack : 0.408
TNS   : 0.000

Type  : Slow 1100mV 85C Model Hold 'SPI:spi0|spi_clk'
Slack : 0.512
TNS   : 0.000

Type  : Slow 1100mV 85C Model Minimum Pulse Width 'CLOCK_50_B5B'
Slack : -0.623
TNS   : -31.580

Type  : Slow 1100mV 85C Model Minimum Pulse Width 'SPI:spi0|spi_clk'
Slack : -0.538
TNS   : -37.992

Type  : Slow 1100mV 0C Model Setup 'SPI:spi0|spi_clk'
Slack : -5.915
TNS   : -114.681

Type  : Slow 1100mV 0C Model Setup 'CLOCK_50_B5B'
Slack : -4.606
TNS   : -53.824

Type  : Slow 1100mV 0C Model Hold 'CLOCK_50_B5B'
Slack : -0.043
TNS   : -0.043

Type  : Slow 1100mV 0C Model Hold 'SPI:spi0|spi_clk'
Slack : 0.529
TNS   : 0.000

Type  : Slow 1100mV 0C Model Minimum Pulse Width 'CLOCK_50_B5B'
Slack : -0.741
TNS   : -31.627

Type  : Slow 1100mV 0C Model Minimum Pulse Width 'SPI:spi0|spi_clk'
Slack : -0.538
TNS   : -37.924

Type  : Fast 1100mV 85C Model Setup 'CLOCK_50_B5B'
Slack : -3.500
TNS   : -11.555

Type  : Fast 1100mV 85C Model Setup 'SPI:spi0|spi_clk'
Slack : -2.255
TNS   : -43.940

Type  : Fast 1100mV 85C Model Hold 'CLOCK_50_B5B'
Slack : 0.181
TNS   : 0.000

Type  : Fast 1100mV 85C Model Hold 'SPI:spi0|spi_clk'
Slack : 0.220
TNS   : 0.000

Type  : Fast 1100mV 85C Model Minimum Pulse Width 'CLOCK_50_B5B'
Slack : -0.805
TNS   : -16.822

Type  : Fast 1100mV 85C Model Minimum Pulse Width 'SPI:spi0|spi_clk'
Slack : 0.078
TNS   : 0.000

Type  : Fast 1100mV 0C Model Setup 'CLOCK_50_B5B'
Slack : -3.058
TNS   : -10.180

Type  : Fast 1100mV 0C Model Setup 'SPI:spi0|spi_clk'
Slack : -2.161
TNS   : -39.725

Type  : Fast 1100mV 0C Model Hold 'CLOCK_50_B5B'
Slack : 0.167
TNS   : 0.000

Type  : Fast 1100mV 0C Model Hold 'SPI:spi0|spi_clk'
Slack : 0.231
TNS   : 0.000

Type  : Fast 1100mV 0C Model Minimum Pulse Width 'CLOCK_50_B5B'
Slack : -0.877
TNS   : -20.701

Type  : Fast 1100mV 0C Model Minimum Pulse Width 'SPI:spi0|spi_clk'
Slack : 0.092
TNS   : 0.000

------------------------------------------------------------
