------------------------------------------------------------
Timing Analyzer Summary
------------------------------------------------------------

Type  : Slow 1100mV 85C Model Setup 'PC_RX:pc_rx|DESERIALISER:deserialiser|r_pc_full_word_recv_sig'
Slack : -7.292
TNS   : -286.444

Type  : Slow 1100mV 85C Model Setup 'CLOCK_50_B5B'
Slack : -7.090
TNS   : -390.313

Type  : Slow 1100mV 85C Model Setup 'spi:spi0|spi_clk'
Slack : -4.500
TNS   : -73.908

Type  : Slow 1100mV 85C Model Hold 'CLOCK_50_B5B'
Slack : -3.090
TNS   : -70.708

Type  : Slow 1100mV 85C Model Hold 'PC_RX:pc_rx|DESERIALISER:deserialiser|r_pc_full_word_recv_sig'
Slack : 0.109
TNS   : 0.000

Type  : Slow 1100mV 85C Model Hold 'spi:spi0|spi_clk'
Slack : 0.211
TNS   : 0.000

Type  : Slow 1100mV 85C Model Recovery 'CLOCK_50_B5B'
Slack : -3.612
TNS   : -14.031

Type  : Slow 1100mV 85C Model Removal 'CLOCK_50_B5B'
Slack : 0.290
TNS   : 0.000

Type  : Slow 1100mV 85C Model Minimum Pulse Width 'CLOCK_50_B5B'
Slack : -0.806
TNS   : -156.017

Type  : Slow 1100mV 85C Model Minimum Pulse Width 'PC_RX:pc_rx|DESERIALISER:deserialiser|r_pc_full_word_recv_sig'
Slack : -0.599
TNS   : -80.890

Type  : Slow 1100mV 85C Model Minimum Pulse Width 'spi:spi0|spi_clk'
Slack : -0.538
TNS   : -24.027

Type  : Slow 1100mV 0C Model Setup 'PC_RX:pc_rx|DESERIALISER:deserialiser|r_pc_full_word_recv_sig'
Slack : -7.376
TNS   : -296.107

Type  : Slow 1100mV 0C Model Setup 'CLOCK_50_B5B'
Slack : -7.354
TNS   : -386.961

Type  : Slow 1100mV 0C Model Setup 'spi:spi0|spi_clk'
Slack : -4.676
TNS   : -75.106

Type  : Slow 1100mV 0C Model Hold 'CLOCK_50_B5B'
Slack : -3.160
TNS   : -75.162

Type  : Slow 1100mV 0C Model Hold 'PC_RX:pc_rx|DESERIALISER:deserialiser|r_pc_full_word_recv_sig'
Slack : -0.120
TNS   : -0.284

Type  : Slow 1100mV 0C Model Hold 'spi:spi0|spi_clk'
Slack : 0.256
TNS   : 0.000

Type  : Slow 1100mV 0C Model Recovery 'CLOCK_50_B5B'
Slack : -3.317
TNS   : -12.835

Type  : Slow 1100mV 0C Model Removal 'CLOCK_50_B5B'
Slack : -0.159
TNS   : -0.159

Type  : Slow 1100mV 0C Model Minimum Pulse Width 'CLOCK_50_B5B'
Slack : -0.838
TNS   : -153.232

Type  : Slow 1100mV 0C Model Minimum Pulse Width 'PC_RX:pc_rx|DESERIALISER:deserialiser|r_pc_full_word_recv_sig'
Slack : -0.552
TNS   : -77.759

Type  : Slow 1100mV 0C Model Minimum Pulse Width 'spi:spi0|spi_clk'
Slack : -0.538
TNS   : -23.976

Type  : Fast 1100mV 85C Model Setup 'PC_RX:pc_rx|DESERIALISER:deserialiser|r_pc_full_word_recv_sig'
Slack : -3.377
TNS   : -114.777

Type  : Fast 1100mV 85C Model Setup 'CLOCK_50_B5B'
Slack : -3.078
TNS   : -124.173

Type  : Fast 1100mV 85C Model Setup 'spi:spi0|spi_clk'
Slack : -1.674
TNS   : -28.613

Type  : Fast 1100mV 85C Model Hold 'CLOCK_50_B5B'
Slack : -1.562
TNS   : -32.089

Type  : Fast 1100mV 85C Model Hold 'PC_RX:pc_rx|DESERIALISER:deserialiser|r_pc_full_word_recv_sig'
Slack : -0.052
TNS   : -0.052

Type  : Fast 1100mV 85C Model Hold 'spi:spi0|spi_clk'
Slack : 0.110
TNS   : 0.000

Type  : Fast 1100mV 85C Model Recovery 'CLOCK_50_B5B'
Slack : -1.921
TNS   : -7.442

Type  : Fast 1100mV 85C Model Removal 'CLOCK_50_B5B'
Slack : 0.281
TNS   : 0.000

Type  : Fast 1100mV 85C Model Minimum Pulse Width 'CLOCK_50_B5B'
Slack : -0.862
TNS   : -81.588

Type  : Fast 1100mV 85C Model Minimum Pulse Width 'PC_RX:pc_rx|DESERIALISER:deserialiser|r_pc_full_word_recv_sig'
Slack : -0.131
TNS   : -3.943

Type  : Fast 1100mV 85C Model Minimum Pulse Width 'spi:spi0|spi_clk'
Slack : 0.074
TNS   : 0.000

Type  : Fast 1100mV 0C Model Setup 'PC_RX:pc_rx|DESERIALISER:deserialiser|r_pc_full_word_recv_sig'
Slack : -3.144
TNS   : -110.223

Type  : Fast 1100mV 0C Model Setup 'CLOCK_50_B5B'
Slack : -2.702
TNS   : -102.325

Type  : Fast 1100mV 0C Model Setup 'spi:spi0|spi_clk'
Slack : -1.597
TNS   : -26.220

Type  : Fast 1100mV 0C Model Hold 'CLOCK_50_B5B'
Slack : -1.544
TNS   : -33.690

Type  : Fast 1100mV 0C Model Hold 'PC_RX:pc_rx|DESERIALISER:deserialiser|r_pc_full_word_recv_sig'
Slack : -0.047
TNS   : -0.047

Type  : Fast 1100mV 0C Model Hold 'spi:spi0|spi_clk'
Slack : 0.098
TNS   : 0.000

Type  : Fast 1100mV 0C Model Recovery 'CLOCK_50_B5B'
Slack : -1.514
TNS   : -5.844

Type  : Fast 1100mV 0C Model Removal 'CLOCK_50_B5B'
Slack : 0.060
TNS   : 0.000

Type  : Fast 1100mV 0C Model Minimum Pulse Width 'CLOCK_50_B5B'
Slack : -0.873
TNS   : -98.982

Type  : Fast 1100mV 0C Model Minimum Pulse Width 'PC_RX:pc_rx|DESERIALISER:deserialiser|r_pc_full_word_recv_sig'
Slack : -0.059
TNS   : -0.367

Type  : Fast 1100mV 0C Model Minimum Pulse Width 'spi:spi0|spi_clk'
Slack : 0.087
TNS   : 0.000

------------------------------------------------------------
