------------------------------------------------------------
Timing Analyzer Summary
------------------------------------------------------------

Type  : Slow 1100mV 85C Model Setup 'PC_RX:pc_rx|DESERIALISER:deserialiser|r_pc_full_word_recv_sig'
Slack : -7.759
TNS   : -312.145

Type  : Slow 1100mV 85C Model Setup 'CLOCK_50_B5B'
Slack : -7.374
TNS   : -1044.160

Type  : Slow 1100mV 85C Model Setup 'spi:spi0|spi_clk'
Slack : -4.531
TNS   : -78.207

Type  : Slow 1100mV 85C Model Hold 'CLOCK_50_B5B'
Slack : 0.023
TNS   : 0.000

Type  : Slow 1100mV 85C Model Hold 'PC_RX:pc_rx|DESERIALISER:deserialiser|r_pc_full_word_recv_sig'
Slack : 0.228
TNS   : 0.000

Type  : Slow 1100mV 85C Model Hold 'spi:spi0|spi_clk'
Slack : 0.304
TNS   : 0.000

Type  : Slow 1100mV 85C Model Recovery 'CLOCK_50_B5B'
Slack : -4.336
TNS   : -17.143

Type  : Slow 1100mV 85C Model Removal 'CLOCK_50_B5B'
Slack : 0.379
TNS   : 0.000

Type  : Slow 1100mV 85C Model Minimum Pulse Width 'CLOCK_50_B5B'
Slack : -2.636
TNS   : -422.020

Type  : Slow 1100mV 85C Model Minimum Pulse Width 'PC_RX:pc_rx|DESERIALISER:deserialiser|r_pc_full_word_recv_sig'
Slack : -1.139
TNS   : -125.193

Type  : Slow 1100mV 85C Model Minimum Pulse Width 'spi:spi0|spi_clk'
Slack : -0.538
TNS   : -24.716

Type  : Slow 1100mV 0C Model Setup 'PC_RX:pc_rx|DESERIALISER:deserialiser|r_pc_full_word_recv_sig'
Slack : -7.762
TNS   : -320.556

Type  : Slow 1100mV 0C Model Setup 'CLOCK_50_B5B'
Slack : -7.687
TNS   : -999.134

Type  : Slow 1100mV 0C Model Setup 'spi:spi0|spi_clk'
Slack : -4.787
TNS   : -79.726

Type  : Slow 1100mV 0C Model Hold 'CLOCK_50_B5B'
Slack : -0.334
TNS   : -11.442

Type  : Slow 1100mV 0C Model Hold 'PC_RX:pc_rx|DESERIALISER:deserialiser|r_pc_full_word_recv_sig'
Slack : 0.003
TNS   : 0.000

Type  : Slow 1100mV 0C Model Hold 'spi:spi0|spi_clk'
Slack : 0.333
TNS   : 0.000

Type  : Slow 1100mV 0C Model Recovery 'CLOCK_50_B5B'
Slack : -3.901
TNS   : -15.387

Type  : Slow 1100mV 0C Model Removal 'CLOCK_50_B5B'
Slack : -0.067
TNS   : -0.104

Type  : Slow 1100mV 0C Model Minimum Pulse Width 'CLOCK_50_B5B'
Slack : -2.636
TNS   : -419.710

Type  : Slow 1100mV 0C Model Minimum Pulse Width 'PC_RX:pc_rx|DESERIALISER:deserialiser|r_pc_full_word_recv_sig'
Slack : -1.051
TNS   : -116.402

Type  : Slow 1100mV 0C Model Minimum Pulse Width 'spi:spi0|spi_clk'
Slack : -0.538
TNS   : -24.703

Type  : Fast 1100mV 85C Model Setup 'CLOCK_50_B5B'
Slack : -4.002
TNS   : -472.506

Type  : Fast 1100mV 85C Model Setup 'PC_RX:pc_rx|DESERIALISER:deserialiser|r_pc_full_word_recv_sig'
Slack : -3.712
TNS   : -130.448

Type  : Fast 1100mV 85C Model Setup 'spi:spi0|spi_clk'
Slack : -1.703
TNS   : -31.012

Type  : Fast 1100mV 85C Model Hold 'PC_RX:pc_rx|DESERIALISER:deserialiser|r_pc_full_word_recv_sig'
Slack : -0.044
TNS   : -0.044

Type  : Fast 1100mV 85C Model Hold 'CLOCK_50_B5B'
Slack : 0.135
TNS   : 0.000

Type  : Fast 1100mV 85C Model Hold 'spi:spi0|spi_clk'
Slack : 0.166
TNS   : 0.000

Type  : Fast 1100mV 85C Model Recovery 'CLOCK_50_B5B'
Slack : -2.547
TNS   : -9.923

Type  : Fast 1100mV 85C Model Removal 'CLOCK_50_B5B'
Slack : 0.299
TNS   : 0.000

Type  : Fast 1100mV 85C Model Minimum Pulse Width 'CLOCK_50_B5B'
Slack : -2.174
TNS   : -270.667

Type  : Fast 1100mV 85C Model Minimum Pulse Width 'PC_RX:pc_rx|DESERIALISER:deserialiser|r_pc_full_word_recv_sig'
Slack : -0.496
TNS   : -28.019

Type  : Fast 1100mV 85C Model Minimum Pulse Width 'spi:spi0|spi_clk'
Slack : 0.011
TNS   : 0.000

Type  : Fast 1100mV 0C Model Setup 'PC_RX:pc_rx|DESERIALISER:deserialiser|r_pc_full_word_recv_sig'
Slack : -3.418
TNS   : -123.738

Type  : Fast 1100mV 0C Model Setup 'CLOCK_50_B5B'
Slack : -3.365
TNS   : -388.582

Type  : Fast 1100mV 0C Model Setup 'spi:spi0|spi_clk'
Slack : -1.608
TNS   : -28.589

Type  : Fast 1100mV 0C Model Hold 'PC_RX:pc_rx|DESERIALISER:deserialiser|r_pc_full_word_recv_sig'
Slack : -0.031
TNS   : -0.044

Type  : Fast 1100mV 0C Model Hold 'CLOCK_50_B5B'
Slack : -0.012
TNS   : -0.220

Type  : Fast 1100mV 0C Model Hold 'spi:spi0|spi_clk'
Slack : 0.164
TNS   : 0.000

Type  : Fast 1100mV 0C Model Recovery 'CLOCK_50_B5B'
Slack : -2.022
TNS   : -7.871

Type  : Fast 1100mV 0C Model Removal 'CLOCK_50_B5B'
Slack : 0.064
TNS   : 0.000

Type  : Fast 1100mV 0C Model Minimum Pulse Width 'CLOCK_50_B5B'
Slack : -2.174
TNS   : -300.650

Type  : Fast 1100mV 0C Model Minimum Pulse Width 'PC_RX:pc_rx|DESERIALISER:deserialiser|r_pc_full_word_recv_sig'
Slack : -0.372
TNS   : -19.380

Type  : Fast 1100mV 0C Model Minimum Pulse Width 'spi:spi0|spi_clk'
Slack : 0.049
TNS   : 0.000

------------------------------------------------------------
