------------------------------------------------------------
Timing Analyzer Summary
------------------------------------------------------------

Type  : Slow 1100mV 85C Model Setup 'SPI:spi0|spi_clk'
Slack : -5.396
TNS   : -107.630

Type  : Slow 1100mV 85C Model Setup 'CLOCK_50_B5B'
Slack : -3.872
TNS   : -49.128

Type  : Slow 1100mV 85C Model Hold 'SPI:spi0|spi_clk'
Slack : 0.403
TNS   : 0.000

Type  : Slow 1100mV 85C Model Hold 'CLOCK_50_B5B'
Slack : 0.438
TNS   : 0.000

Type  : Slow 1100mV 85C Model Minimum Pulse Width 'CLOCK_50_B5B'
Slack : -0.560
TNS   : -30.595

Type  : Slow 1100mV 85C Model Minimum Pulse Width 'SPI:spi0|spi_clk'
Slack : -0.538
TNS   : -35.733

Type  : Slow 1100mV 0C Model Setup 'SPI:spi0|spi_clk'
Slack : -5.674
TNS   : -108.502

Type  : Slow 1100mV 0C Model Setup 'CLOCK_50_B5B'
Slack : -4.138
TNS   : -53.338

Type  : Slow 1100mV 0C Model Hold 'CLOCK_50_B5B'
Slack : 0.096
TNS   : 0.000

Type  : Slow 1100mV 0C Model Hold 'SPI:spi0|spi_clk'
Slack : 0.419
TNS   : 0.000

Type  : Slow 1100mV 0C Model Minimum Pulse Width 'CLOCK_50_B5B'
Slack : -0.667
TNS   : -30.727

Type  : Slow 1100mV 0C Model Minimum Pulse Width 'SPI:spi0|spi_clk'
Slack : -0.538
TNS   : -35.548

Type  : Fast 1100mV 85C Model Setup 'CLOCK_50_B5B'
Slack : -3.144
TNS   : -11.345

Type  : Fast 1100mV 85C Model Setup 'SPI:spi0|spi_clk'
Slack : -2.043
TNS   : -42.219

Type  : Fast 1100mV 85C Model Hold 'CLOCK_50_B5B'
Slack : 0.180
TNS   : 0.000

Type  : Fast 1100mV 85C Model Hold 'SPI:spi0|spi_clk'
Slack : 0.234
TNS   : 0.000

Type  : Fast 1100mV 85C Model Minimum Pulse Width 'CLOCK_50_B5B'
Slack : -0.742
TNS   : -16.329

Type  : Fast 1100mV 85C Model Minimum Pulse Width 'SPI:spi0|spi_clk'
Slack : 0.068
TNS   : 0.000

Type  : Fast 1100mV 0C Model Setup 'CLOCK_50_B5B'
Slack : -2.679
TNS   : -9.926

Type  : Fast 1100mV 0C Model Setup 'SPI:spi0|spi_clk'
Slack : -1.975
TNS   : -38.433

Type  : Fast 1100mV 0C Model Hold 'CLOCK_50_B5B'
Slack : 0.170
TNS   : 0.000

Type  : Fast 1100mV 0C Model Hold 'SPI:spi0|spi_clk'
Slack : 0.220
TNS   : 0.000

Type  : Fast 1100mV 0C Model Minimum Pulse Width 'CLOCK_50_B5B'
Slack : -0.810
TNS   : -20.100

Type  : Fast 1100mV 0C Model Minimum Pulse Width 'SPI:spi0|spi_clk'
Slack : 0.094
TNS   : 0.000

------------------------------------------------------------
